Microchip MPLAB XC8 Compiler V1.45 ()

Linker command line:

-W-3 --edf=C:\Program Files (x86)\Microchip\xc8\v1.45\dat\en_msgs.txt -cs \
  -h+dist/default/production\ProjetMicrocontroleurSpaceInvader.X.production.sym \
  --cmf=dist/default/production\ProjetMicrocontroleurSpaceInvader.X.production.cmf \
  -z -Q18F4550 -oC:\Users\Daniel\AppData\Local\Temp\sbc0.2 \
  -Mdist/default/production/ProjetMicrocontroleurSpaceInvader.X.production.map \
  -E1 -ver=XC8 --acfsm=1493 -ASTACK=060h-03ffh -pstack=STACK \
  -ACODE=00h-07FFFh -ACONST=00h-07FFFh -ASMALLCONST=0800h-08FFhx120 \
  -AMEDIUMCONST=0800h-07FFFh -ACOMRAM=01h-05Fh -AABS1=00h-07FFh \
  -ABIGRAM=01h-07FFh -ARAM=060h-0FFh,0100h-01FFhx7 -ABANK0=060h-0FFh \
  -ABANK1=0100h-01FFh -ABANK2=0200h-02FFh -ABANK3=0300h-03FFh \
  -ABANK4=0400h-04FFh -ABANK5=0500h-05FFh -ABANK6=0600h-06FFh \
  -ABANK7=0700h-07FFh -ASFR=0F60h-0FFFh \
  -preset_vec=00h,intcode,intcodelo,powerup,init -pramtop=0800h \
  -psmallconst=SMALLCONST -pmediumconst=MEDIUMCONST -pconst=CONST \
  -AFARRAM=00h-00h -ACONFIG=0300000h-030000Dh -pconfig=CONFIG \
  -AIDLOC=0200000h-0200007h -pidloc=IDLOC -AEEDATA=0F00000h-0F000FFh \
  -peeprom_data=EEDATA \
  -prdata=COMRAM,nvrram=COMRAM,nvbit=COMRAM,rbss=COMRAM,rbit=COMRAM \
  -pfarbss=FARRAM,fardata=FARRAM,nvFARRAM=FARRAM \
  -pintsave_regs=BIGRAM,bigbss=BIGRAM,bigdata=BIGRAM -pbss=RAM \
  -pidata=CODE,irdata=CODE,ibigdata=CODE,ifardata=CODE -prparam=COMRAM \
  C:\Users\Daniel\AppData\Local\Temp\sbc0.obj \
  dist/default/production\ProjetMicrocontroleurSpaceInvader.X.production.obj 

Object code version is 3.11

Machine type is 18F4550

Call graph: (short form)




                Name                               Link     Load   Length Selector   Space Scale
C:\Users\Daniel\AppData\Local\Temp\sbc0.obj
                init                                  0        0        4        0       0
                idloc                            200000   200000        8   200000       0
                config                           300000   300000        E   300000       0
dist/default/production\ProjetMicrocontroleurSpaceInvader.X.production.obj
                mediumconst                        6B3A     6B3A     14C6     359D       0
                text5                              4512     4512       2A     2289       0
                text4                              466C     466C     24CE     2336       0
                text3                              456E     456E       6E     22B7       0
                text2                              45DC     45DC       90     22EE       0
                text1                              453C     453C       32     229E       0
                text0                              44DC     44DC       14     226E       0
                cstackCOMRAM                          1        1       45        1       1
                bssBIGRAM                           400      400      400      400       1
                bssCOMRAM                            46       46        2        1       1
                cinit                              44F0     44F0       22     2278       0

TOTAL           Name                               Link     Load   Length     Space
        CLASS   STACK          

        CLASS   CODE           
                init                                  0        0        4         0
                text5                              4512     4512       2A         0
                text4                              466C     466C     24CE         0
                text3                              456E     456E       6E         0
                text2                              45DC     45DC       90         0
                text1                              453C     453C       32         0
                text0                              44DC     44DC       14         0
                cinit                              44F0     44F0       22         0

        CLASS   CONST          

        CLASS   SMALLCONST     

        CLASS   MEDIUMCONST    
                mediumconst                        6B3A     6B3A     14C6         0

        CLASS   COMRAM         
                cstackCOMRAM                          1        1       45         1
                bssCOMRAM                            46       46        2         1

        CLASS   ABS1           

        CLASS   BIGRAM         
                bssBIGRAM                           400      400      400         1

        CLASS   RAM            

        CLASS   BANK0          

        CLASS   BANK1          

        CLASS   BANK2          

        CLASS   BANK3          

        CLASS   BANK4          

        CLASS   BANK5          

        CLASS   BANK6          

        CLASS   BANK7          

        CLASS   SFR            

        CLASS   FARRAM         

        CLASS   CONFIG         
                config                           300000   300000        E         0

        CLASS   IDLOC          
                idloc                            200000   200000        8         0

        CLASS   EEDATA         



SEGMENTS        Name                           Load    Length   Top    Selector   Space  Class

                reset_vec                      000000  000004  000004         0       0  CODE    
                cstackCOMRAM                   000001  000047  000048         1       1  COMRAM  
                bssBIGRAM                      000400  000400  000800       400       1  BIGRAM  
                text0                          0044DC  000014  0044F0      226E       0  CODE    
                cinit                          0044F0  000022  004512      2278       0  CODE    
                text5                          004512  00002A  00453C      2289       0  CODE    
                text1                          00453C  000032  00456E      229E       0  CODE    
                text3                          00456E  00006E  0045DC      22B7       0  CODE    
                text2                          0045DC  000090  00466C      22EE       0  CODE    
                text4                          00466C  0024CE  006B3A      2336       0  CODE    
                mediumconst                    006B3A  0014C6  008000      359D       0  MEDIUMCO
                idloc                          200000  000008  200008    200000       0  IDLOC   
                config                         300000  00000E  30000E    300000       0  CONFIG  


UNUSED ADDRESS RANGES

        Name                Unused          Largest block    Delta
        BANK0            000060-0000FF               A0
        BANK1            000100-0001FF              100
        BANK2            000200-0002FF              100
        BANK3            000300-0003FF              100
        BIGRAM           000048-0003FF              3B8
        CODE             000004-0044DB             44D8
        COMRAM           000048-00005F               18
        CONST            000004-0044DB             44D8
        EEDATA           F00000-F000FF              100
        MEDIUMCONST      000800-0044DB             3CDC
        RAM              000060-0003FF              100
        SFR              000F60-000FFF               A0
        SMALLCONST       000800-0044DB              100
        STACK            000060-0003FF              3A0

                                  Symbol Table

_ADCON0                   (abs)        000FC2
_ADCON1                   (abs)        000FC1
_Font3x6                  mediumconst  007F3B
_Font8x8                  mediumconst  006B3B
_LATBbits                 (abs)        000F8A
_LATD                     (abs)        000F8C
_PORTA                    (abs)        000F80
_PORTB                    (abs)        000F81
_PORTBbits                (abs)        000F81
_PORTC                    (abs)        000F82
_PORTD                    (abs)        000F83
_PORTE                    (abs)        000F84
_PORTEbits                (abs)        000F84
_TRISA                    (abs)        000F92
_TRISB                    (abs)        000F93
_TRISC                    (abs)        000F94
_TRISD                    (abs)        000F95
_TRISE                    (abs)        000F96
__CFG_BOR$OFF             (abs)        000000
__CFG_DEBUG$OFF           (abs)        000000
__CFG_FOSC$HS             (abs)        000000
__CFG_LVP$OFF             (abs)        000000
__CFG_PWRT$OFF            (abs)        000000
__CFG_WDT$OFF             (abs)        000000
__HRAM                    (abs)        000000
__Habs1                   abs1         000000
__Hbank0                  bank0        000000
__Hbank1                  bank1        000000
__Hbank2                  bank2        000000
__Hbank3                  bank3        000000
__Hbank4                  bank4        000000
__Hbank5                  bank5        000000
__Hbank6                  bank6        000000
__Hbank7                  bank7        000000
__Hbigbss                 bigbss       000000
__Hbigdata                bigdata      000000
__Hbigram                 bigram       000000
__Hbss                    bss          000000
__HbssBIGRAM              bssBIGRAM    000000
__HbssCOMRAM              bssCOMRAM    000000
__Hcinit                  cinit        000000
__Hclrtext                clrtext      000000
__Hcomram                 comram       000000
__Hconfig                 config       30000E
__Hconst                  const        000000
__HcstackCOMRAM           cstackCOMRAM 000000
__Hdata                   data         000000
__Heeprom_data            eeprom_data  000000
__Hfarbss                 farbss       000000
__Hfardata                fardata      000000
__Hibigdata               ibigdata     000000
__Hidata                  idata        000000
__Hidloc                  idloc        200008
__Hifardata               ifardata     000000
__Hinit                   init         000004
__Hintcode                intcode      000000
__Hintcode_body           intcode_body 000000
__Hintcodelo              intcodelo    000000
__Hintentry               intentry     000000
__Hintret                 intret       000000
__Hintsave_regs           intsave_regs 000000
__Hirdata                 irdata       000000
__Hmediumconst            mediumconst  008000
__HnvFARRAM               nvFARRAM     000000
__Hnvbit                  nvbit        000000
__Hnvrram                 nvrram       000000
__Hparam                  rparam       000000
__Hpowerup                powerup      000000
__Hram                    ram          000000
__Hramtop                 ramtop       000800
__Hrbit                   rbit         000000
__Hrbss                   rbss         000000
__Hrdata                  rdata        000000
__Hreset_vec              reset_vec    000000
__Hrparam                 rparam       000000
__Hsfr                    sfr          000000
__Hsmallconst             smallconst   000000
__Hspace_0                (abs)        30000E
__Hspace_1                (abs)        000800
__Hspace_2                (abs)        000000
__Hstack                  stack        000000
__Hstruct                 struct       000000
__Htemp                   temp         000000
__Htext                   text         000000
__Htext0                  text0        000000
__Htext1                  text1        000000
__Htext2                  text2        000000
__Htext3                  text3        000000
__Htext4                  text4        000000
__Htext5                  text5        000000
__LRAM                    (abs)        000001
__Labs1                   abs1         000000
__Lbank0                  bank0        000000
__Lbank1                  bank1        000000
__Lbank2                  bank2        000000
__Lbank3                  bank3        000000
__Lbank4                  bank4        000000
__Lbank5                  bank5        000000
__Lbank6                  bank6        000000
__Lbank7                  bank7        000000
__Lbigbss                 bigbss       000000
__Lbigdata                bigdata      000000
__Lbigram                 bigram       000000
__Lbss                    bss          000000
__LbssBIGRAM              bssBIGRAM    000000
__LbssCOMRAM              bssCOMRAM    000000
__Lcinit                  cinit        000000
__Lclrtext                clrtext      000000
__Lcomram                 comram       000000
__Lconfig                 config       300000
__Lconst                  const        000000
__LcstackCOMRAM           cstackCOMRAM 000000
__Ldata                   data         000000
__Leeprom_data            eeprom_data  000000
__Lfarbss                 farbss       000000
__Lfardata                fardata      000000
__Libigdata               ibigdata     000000
__Lidata                  idata        000000
__Lidloc                  idloc        200000
__Lifardata               ifardata     000000
__Linit                   init         000000
__Lintcode                intcode      000000
__Lintcode_body           intcode_body 000000
__Lintcodelo              intcodelo    000000
__Lintentry               intentry     000000
__Lintret                 intret       000000
__Lintsave_regs           intsave_regs 000000
__Lirdata                 irdata       000000
__Lmediumconst            mediumconst  006B3A
__LnvFARRAM               nvFARRAM     000000
__Lnvbit                  nvbit        000000
__Lnvrram                 nvrram       000000
__Lparam                  rparam       000000
__Lpowerup                powerup      000000
__Lram                    ram          000000
__Lramtop                 ramtop       000800
__Lrbit                   rbit         000000
__Lrbss                   rbss         000000
__Lrdata                  rdata        000000
__Lreset_vec              reset_vec    000000
__Lrparam                 rparam       000000
__Lsfr                    sfr          000000
__Lsmallconst             smallconst   000000
__Lspace_0                (abs)        000000
__Lspace_1                (abs)        000000
__Lspace_2                (abs)        000000
__Lstack                  stack        000000
__Lstruct                 struct       000000
__Ltemp                   temp         000000
__Ltext                   text         000000
__Ltext0                  text0        000000
__Ltext1                  text1        000000
__Ltext2                  text2        000000
__Ltext3                  text3        000000
__Ltext4                  text4        000000
__Ltext5                  text5        000000
__S0                      (abs)        30000E
__S1                      (abs)        000800
__S2                      (abs)        000000
___inthi_sp               stack        000000
___intlo_sp               stack        000000
___param_bank             (abs)        000000
___rparam_used            (abs)        000001
___sp                     stack        000000
__accesstop               (abs)        000060
__activetblptr            (abs)        000002
__end_of_Font3x6          mediumconst  007FFE
__end_of_Font8x8          mediumconst  00733B
__end_of__initialization  cinit        004508
__end_of_glcd_FillScreen  text3        0045DC
__end_of_glcd_Image       text4        006B3A
__end_of_glcd_Init        text2        00466C
__end_of_glcd_WriteByte   text5        00453C
__end_of_initMyPIC18F     text1        00456E
__end_of_logo             mediumconst  00773B
__end_of_main             text0        0044F0
__end_of_poulet           mediumconst  007F3B
__end_of_zero             mediumconst  007B3B
__initialization          cinit        0044F0
__mediumconst             mediumconst  006B3A
__pbssBIGRAM              bssBIGRAM    000400
__pbssCOMRAM              bssCOMRAM    000046
__pcinit                  cinit        0044F0
__pcstackCOMRAM           cstackCOMRAM 000001
__pmediumconst            mediumconst  006B3A
__ptext0                  text0        0044DC
__ptext1                  text1        00453C
__ptext2                  text2        0045DC
__ptext3                  text3        00456E
__ptext4                  text4        00466C
__ptext5                  text5        004512
__ramtop                  ramtop       000800
__size_of_glcd_FillScreen (abs)        000000
__size_of_glcd_Image      (abs)        000000
__size_of_glcd_Init       (abs)        000000
__size_of_glcd_WriteByte  (abs)        000000
__size_of_initMyPIC18F    (abs)        000000
__size_of_main            (abs)        000000
__smallconst              smallconst   000000
_accueil                  bssBIGRAM    000400
_glcd_FillScreen          text3        00456E
_glcd_Image               text4        00466C
_glcd_Init                text2        0045DC
_glcd_WriteByte           text5        004512
_initMyPIC18F             text1        00453C
_logo                     mediumconst  00733B
_main                     text0        0044DC
_poulet                   mediumconst  007B3B
_x                        bssCOMRAM    000047
_y                        bssCOMRAM    000046
_zero                     mediumconst  00773B
end_of_initialization     cinit        004508
glcd_FillScreen@color     cstackCOMRAM 000003
glcd_FillScreen@i         cstackCOMRAM 000005
glcd_FillScreen@j         cstackCOMRAM 000004
glcd_Image@compteur       cstackCOMRAM 000032
glcd_Image@cs             cstackCOMRAM 000035
glcd_Image@i              cstackCOMRAM 000034
glcd_Image@invader1       cstackCOMRAM 00003C
glcd_Image@invader2       cstackCOMRAM 000042
glcd_Image@invader3       cstackCOMRAM 00003E
glcd_Image@invader4       cstackCOMRAM 000040
glcd_Image@itest          cstackCOMRAM 000044
glcd_Image@j              cstackCOMRAM 000031
glcd_Image@missile        cstackCOMRAM 000038
glcd_Image@missile2       cstackCOMRAM 000036
glcd_Image@posvictoire    cstackCOMRAM 00003A
glcd_Image@ptr            cstackCOMRAM 000021
glcd_Image@retour1        cstackCOMRAM 000023
glcd_Image@retour2        cstackCOMRAM 000025
glcd_Image@retour3        cstackCOMRAM 000027
glcd_Image@retour4        cstackCOMRAM 000029
glcd_Image@tir            cstackCOMRAM 00002B
glcd_Image@tir2           cstackCOMRAM 00002D
glcd_Image@tir3           cstackCOMRAM 00002F
glcd_Init@mode            cstackCOMRAM 000006
glcd_WriteByte@data       cstackCOMRAM 000001
glcd_WriteByte@side       cstackCOMRAM 000002
intlevel0                 text         000000
intlevel1                 text         000000
intlevel2                 text         000000
intlevel3                 text         000000
stackhi                   (abs)        0003FF
stacklo                   (abs)        000060
start                     init         000000
start_initialization      cinit        0044F0


FUNCTION INFORMATION:

 *************** function _main *****************
 Defined at:
		line 13 in file "main.c"
 Parameters:    Size  Location     Type
		None
 Auto vars:     Size  Location     Type
		None
 Return value:  Size  Location     Type
                  1    wreg      void 
 Registers used:
		wreg, fsr0l, fsr0h, fsr1l, fsr1h, fsr2l, fsr2h, status,2, status,0, prodl, prodh, cstack
 Tracked objects:
		On entry : 
		On exit  : 
		Unchanged: 
 Data sizes:     COMRAM   BANK0   BANK1   BANK2   BANK3   BANK4   BANK5   BANK6   BANK7
      Params:         0       0       0       0       0       0       0       0       0
      Locals:         0       0       0       0       0       0       0       0       0
      Temps:          0       0       0       0       0       0       0       0       0
      Totals:         0       0       0       0       0       0       0       0       0
Total ram usage:        0 bytes
 Hardware stack levels required when called:    3
 This function calls:
		_glcd_Image
		_glcd_Init
		_initMyPIC18F
 This function is called by:
		Startup code after reset
 This function uses a non-reentrant model


 *************** function _initMyPIC18F *****************
 Defined at:
		line 4 in file "init.c"
 Parameters:    Size  Location     Type
		None
 Auto vars:     Size  Location     Type
		None
 Return value:  Size  Location     Type
                  1    wreg      void 
 Registers used:
		wreg, status,2
 Tracked objects:
		On entry : 
		On exit  : 
		Unchanged: 
 Data sizes:     COMRAM   BANK0   BANK1   BANK2   BANK3   BANK4   BANK5   BANK6   BANK7
      Params:         0       0       0       0       0       0       0       0       0
      Locals:         0       0       0       0       0       0       0       0       0
      Temps:          0       0       0       0       0       0       0       0       0
      Totals:         0       0       0       0       0       0       0       0       0
Total ram usage:        0 bytes
 Hardware stack levels used:    1
 This function calls:
		Nothing
 This function is called by:
		_main
 This function uses a non-reentrant model


 *************** function _glcd_Init *****************
 Defined at:
		line 533 in file "glcd.c"
 Parameters:    Size  Location     Type
  mode            1    wreg     unsigned char 
 Auto vars:     Size  Location     Type
  mode            1    5[COMRAM] unsigned char 
 Return value:  Size  Location     Type
                  1    wreg      void 
 Registers used:
		wreg, status,2, status,0, prodl, prodh, cstack
 Tracked objects:
		On entry : 
		On exit  : 
		Unchanged: 
 Data sizes:     COMRAM   BANK0   BANK1   BANK2   BANK3   BANK4   BANK5   BANK6   BANK7
      Params:         0       0       0       0       0       0       0       0       0
      Locals:         1       0       0       0       0       0       0       0       0
      Temps:          0       0       0       0       0       0       0       0       0
      Totals:         1       0       0       0       0       0       0       0       0
Total ram usage:        1 bytes
 Hardware stack levels used:    1
 Hardware stack levels required when called:    2
 This function calls:
		_glcd_FillScreen
		_glcd_WriteByte
 This function is called by:
		_main
 This function uses a non-reentrant model


 *************** function _glcd_FillScreen *****************
 Defined at:
		line 607 in file "glcd.c"
 Parameters:    Size  Location     Type
  color           1    wreg     unsigned char 
 Auto vars:     Size  Location     Type
  color           1    2[COMRAM] unsigned char 
  i               1    4[COMRAM] unsigned char 
  j               1    3[COMRAM] unsigned char 
 Return value:  Size  Location     Type
                  1    wreg      void 
 Registers used:
		wreg, status,2, status,0, prodl, prodh, cstack
 Tracked objects:
		On entry : 
		On exit  : 
		Unchanged: 
 Data sizes:     COMRAM   BANK0   BANK1   BANK2   BANK3   BANK4   BANK5   BANK6   BANK7
      Params:         0       0       0       0       0       0       0       0       0
      Locals:         3       0       0       0       0       0       0       0       0
      Temps:          0       0       0       0       0       0       0       0       0
      Totals:         3       0       0       0       0       0       0       0       0
Total ram usage:        3 bytes
 Hardware stack levels used:    1
 Hardware stack levels required when called:    1
 This function calls:
		_glcd_WriteByte
 This function is called by:
		_glcd_Init
 This function uses a non-reentrant model


 *************** function _glcd_Image *****************
 Defined at:
		line 631 in file "glcd.c"
 Parameters:    Size  Location     Type
		None
 Auto vars:     Size  Location     Type
  ptr             2   32[COMRAM] int 
  cs              1   52[COMRAM] unsigned char 
  i               1   51[COMRAM] unsigned char 
  j               1   48[COMRAM] unsigned char 
  itest           2   67[COMRAM] int 
  invader2        2   65[COMRAM] int 
  invader4        2   63[COMRAM] int 
  invader3        2   61[COMRAM] int 
  invader1        2   59[COMRAM] int 
  posvictoire     2   57[COMRAM] int 
  missile         2   55[COMRAM] int 
  missile2        2   53[COMRAM] int 
  compteur        2   49[COMRAM] int 
  tir3            2   46[COMRAM] int 
  tir2            2   44[COMRAM] int 
  tir             2   42[COMRAM] int 
  retour4         2   40[COMRAM] int 
  retour3         2   38[COMRAM] int 
  retour2         2   36[COMRAM] int 
  retour1         2   34[COMRAM] int 
 Return value:  Size  Location     Type
                  1    wreg      void 
 Registers used:
		wreg, fsr0l, fsr0h, fsr1l, fsr1h, fsr2l, fsr2h, status,2, status,0, cstack
 Tracked objects:
		On entry : 
		On exit  : 
		Unchanged: 
 Data sizes:     COMRAM   BANK0   BANK1   BANK2   BANK3   BANK4   BANK5   BANK6   BANK7
      Params:         0       0       0       0       0       0       0       0       0
      Locals:        37       0       0       0       0       0       0       0       0
      Temps:         30       0       0       0       0       0       0       0       0
      Totals:        67       0       0       0       0       0       0       0       0
Total ram usage:       67 bytes
 Hardware stack levels used:    1
 Hardware stack levels required when called:    1
 This function calls:
		_glcd_WriteByte
 This function is called by:
		_main
 This function uses a non-reentrant model


 *************** function _glcd_WriteByte *****************
 Defined at:
		line 573 in file "glcd.c"
 Parameters:    Size  Location     Type
  side            1    wreg     unsigned char 
  data            1    0[COMRAM] unsigned char 
 Auto vars:     Size  Location     Type
  side            1    1[COMRAM] unsigned char 
 Return value:  Size  Location     Type
                  1    wreg      void 
 Registers used:
		wreg, status,2
 Tracked objects:
		On entry : 
		On exit  : 
		Unchanged: 
 Data sizes:     COMRAM   BANK0   BANK1   BANK2   BANK3   BANK4   BANK5   BANK6   BANK7
      Params:         1       0       0       0       0       0       0       0       0
      Locals:         1       0       0       0       0       0       0       0       0
      Temps:          0       0       0       0       0       0       0       0       0
      Totals:         2       0       0       0       0       0       0       0       0
Total ram usage:        2 bytes
 Hardware stack levels used:    1
 This function calls:
		Nothing
 This function is called by:
		_glcd_Init
		_glcd_FillScreen
		_glcd_Image
		_glcd_PlotPixel
		_glcd_SetCursor
		_glcd_WriteChar8X8
		_glcd_WriteChar3x6
 This function uses a non-reentrant model



MODULE INFORMATION

Module		Function		Class		Link	Load	Size
shared
		_Font3x6       		MEDIUMCONST    	7F3B	0000	196
		_poulet        		MEDIUMCONST    	7B3B	0000	1025
		_Font8x8       		MEDIUMCONST    	6B3B	0000	2049
		__initialization		CODE           	44F0	0000	25
		_logo          		MEDIUMCONST    	733B	0000	1025
		_zero          		MEDIUMCONST    	773B	0000	1025

shared estimated size: 5345

glcd.c
		_glcd_WriteByte		CODE           	4512	0000	43
		_glcd_Init     		CODE           	45DC	0000	145
		_glcd_FillScreen		CODE           	456E	0000	111
		_glcd_Image    		CODE           	466C	0000	9423

glcd.c estimated size: 9722

init.c
		_initMyPIC18F  		CODE           	453C	0000	51

init.c estimated size: 51

main.c
		_main          		CODE           	44DC	0000	21

main.c estimated size: 21

